Change Dir: 'C:/Users/Krystian/source/repos/engine/out/build/Qt-Debug'

Run Build Command(s): C:/PROGRA~1/MICROS~2/18/COMMUN~1/Common7/IDE/COMMON~1/MICROS~1/CMake/Ninja/ninja.exe -v pbr_lighting_sample
[1/3] C:\WINDOWS\system32\cmd.exe /C "cd /D C:\Users\Krystian\source\repos\engine\out\build\Qt-Debug\engine\render && "C:\Program Files\CMake\bin\cmake.exe" -E make_directory C:/Users/Krystian/source/repos/engine/out/build/Qt-Debug/bin/shaders && "C:\Program Files\CMake\bin\cmake.exe" -E copy_directory C:/Users/Krystian/source/repos/engine/out/build/Qt-Debug/shaders C:/Users/Krystian/source/repos/engine/out/build/Qt-Debug/bin/shaders"
[2/3] C:\PROGRA~1\MICROS~2\18\COMMUN~1\VC\Tools\MSVC\1450~1.357\bin\Hostx64\x64\cl.exe  /nologo /TP -DBGFX_CONFIG_DEBUG_ANNOTATION=1 -DBGFX_CONFIG_MULTITHREADED=1 -DBX_CONFIG_DEBUG=1 -DENGINE_DEBUG_GUI_ENABLED=1 -DGLM_ENABLE_EXPERIMENTAL -DJPH_FLOATING_POINT_EXCEPTIONS_ENABLED -DJPH_OBJECT_STREAM -DLUA_BUILD_AS_DLL -DNOMINMAX -DSOL_ALL_SAFETIES_ON=1 -DSOL_USING_CXX_LUA=1 -DWIN32_LEAN_AND_MEAN -D_CRT_SECURE_NO_WARNINGS -D__STDC_CONSTANT_MACROS -D__STDC_FORMAT_MACROS -D__STDC_LIMIT_MACROS -IC:\Users\Krystian\source\repos\engine\samples\rendering\pbr_lighting_sample\src -IC:\Users\Krystian\source\repos\engine\engine\core\include -IC:\Users\Krystian\source\repos\engine\out\build\Qt-Debug\_deps\bgfx_cmake-src\bx\include -IC:\Users\Krystian\source\repos\engine\out\build\Qt-Debug\_deps\bgfx_cmake-src\bx\3rdparty -IC:\Users\Krystian\source\repos\engine\out\build\Qt-Debug\_deps\bgfx_cmake-src\bx\include\compat\msvc -IC:\Users\Krystian\source\repos\engine\out\build\Qt-Debug\_deps\bgfx_cmake-src\bgfx\include -IC:\Users\Krystian\source\repos\engine\engine\reflect\include -IC:\Users\Krystian\source\repos\engine\engine\scene\include -IC:\Users\Krystian\source\repos\engine\engine\stats\include -IC:\Users\Krystian\source\repos\engine\engine\effects\include -IC:\Users\Krystian\source\repos\engine\engine\inventory\include -IC:\Users\Krystian\source\repos\engine\engine\combat\include -IC:\Users\Krystian\source\repos\engine\engine\physics\include -IC:\Users\Krystian\source\repos\engine\engine\render\include -IC:\Users\Krystian\source\repos\engine\out\build\Qt-Debug\_deps\bgfx_cmake-src\bimg\include -IC:\Users\Krystian\source\repos\engine\engine\script\include -IC:\Users\Krystian\source\repos\engine\engine\asset\include -IC:\Users\Krystian\source\repos\engine\engine\audio\include -IC:\Users\Krystian\source\repos\engine\engine\navigation\include -IC:\Users\Krystian\source\repos\engine\engine\debug-gui\include -IC:\Users\Krystian\source\repos\engine\out\build\Qt-Debug\_deps\bgfx_cmake-src\bgfx\3rdparty\dear-imgui -IC:\Users\Krystian\source\repos\engine\engine\ai\include -IC:\Users\Krystian\source\repos\engine\engine\quest\include -IC:\Users\Krystian\source\repos\engine\engine\save\include -IC:\Users\Krystian\source\repos\engine\engine\dialogue\include -IC:\Users\Krystian\source\repos\engine\engine\localization\include -IC:\Users\Krystian\source\repos\engine\engine\ui\include -IC:\Users\Krystian\source\repos\engine\engine\streaming\include -IC:\Users\Krystian\source\repos\engine\engine\terrain\include -IC:\Users\Krystian\source\repos\engine\engine\vegetation\include -IC:\Users\Krystian\source\repos\engine\engine\cinematic\include -IC:\Users\Krystian\source\repos\engine\engine\spline\include -IC:\Users\Krystian\source\repos\engine\engine\plugin\include -IC:\Users\Krystian\source\repos\engine\engine\data\include -IC:\Users\Krystian\source\repos\engine\engine\settings\include -IC:\Users\Krystian\source\repos\engine\engine\achievements\include -IC:\Users\Krystian\source\repos\engine\engine\environment\include -IC:\Users\Krystian\source\repos\engine\engine\gameplay\include -IC:\Users\Krystian\source\repos\engine\engine\companion\include -external:IC:\Users\Krystian\source\repos\engine\out\build\Qt-Debug\vcpkg_installed\x64-windows\include -external:IC:\Users\Krystian\source\repos\engine\out\build\Qt-Debug\vcpkg_installed\x64-windows\include\recastnavigation -external:W0 /DWIN32 /D_WINDOWS /EHsc /Zi /Ob0 /Od /RTC1 -std:c++20 -MDd /Zc:__cplusplus /Zc:preprocessor /W4 /permissive- /utf-8 /MP /Od /Zi /showIncludes /Fosamples\rendering\pbr_lighting_sample\CMakeFiles\pbr_lighting_sample.dir\src\main.cpp.obj /Fdsamples\rendering\pbr_lighting_sample\CMakeFiles\pbr_lighting_sample.dir\ /FS -c C:\Users\Krystian\source\repos\engine\samples\rendering\pbr_lighting_sample\src\main.cpp
FAILED: samples/rendering/pbr_lighting_sample/CMakeFiles/pbr_lighting_sample.dir/src/main.cpp.obj 
C:\PROGRA~1\MICROS~2\18\COMMUN~1\VC\Tools\MSVC\1450~1.357\bin\Hostx64\x64\cl.exe  /nologo /TP -DBGFX_CONFIG_DEBUG_ANNOTATION=1 -DBGFX_CONFIG_MULTITHREADED=1 -DBX_CONFIG_DEBUG=1 -DENGINE_DEBUG_GUI_ENABLED=1 -DGLM_ENABLE_EXPERIMENTAL -DJPH_FLOATING_POINT_EXCEPTIONS_ENABLED -DJPH_OBJECT_STREAM -DLUA_BUILD_AS_DLL -DNOMINMAX -DSOL_ALL_SAFETIES_ON=1 -DSOL_USING_CXX_LUA=1 -DWIN32_LEAN_AND_MEAN -D_CRT_SECURE_NO_WARNINGS -D__STDC_CONSTANT_MACROS -D__STDC_FORMAT_MACROS -D__STDC_LIMIT_MACROS -IC:\Users\Krystian\source\repos\engine\samples\rendering\pbr_lighting_sample\src -IC:\Users\Krystian\source\repos\engine\engine\core\include -IC:\Users\Krystian\source\repos\engine\out\build\Qt-Debug\_deps\bgfx_cmake-src\bx\include -IC:\Users\Krystian\source\repos\engine\out\build\Qt-Debug\_deps\bgfx_cmake-src\bx\3rdparty -IC:\Users\Krystian\source\repos\engine\out\build\Qt-Debug\_deps\bgfx_cmake-src\bx\include\compat\msvc -IC:\Users\Krystian\source\repos\engine\out\build\Qt-Debug\_deps\bgfx_cmake-src\bgfx\include -IC:\Users\Krystian\source\repos\engine\engine\reflect\include -IC:\Users\Krystian\source\repos\engine\engine\scene\include -IC:\Users\Krystian\source\repos\engine\engine\stats\include -IC:\Users\Krystian\source\repos\engine\engine\effects\include -IC:\Users\Krystian\source\repos\engine\engine\inventory\include -IC:\Users\Krystian\source\repos\engine\engine\combat\include -IC:\Users\Krystian\source\repos\engine\engine\physics\include -IC:\Users\Krystian\source\repos\engine\engine\render\include -IC:\Users\Krystian\source\repos\engine\out\build\Qt-Debug\_deps\bgfx_cmake-src\bimg\include -IC:\Users\Krystian\source\repos\engine\engine\script\include -IC:\Users\Krystian\source\repos\engine\engine\asset\include -IC:\Users\Krystian\source\repos\engine\engine\audio\include -IC:\Users\Krystian\source\repos\engine\engine\navigation\include -IC:\Users\Krystian\source\repos\engine\engine\debug-gui\include -IC:\Users\Krystian\source\repos\engine\out\build\Qt-Debug\_deps\bgfx_cmake-src\bgfx\3rdparty\dear-imgui -IC:\Users\Krystian\source\repos\engine\engine\ai\include -IC:\Users\Krystian\source\repos\engine\engine\quest\include -IC:\Users\Krystian\source\repos\engine\engine\save\include -IC:\Users\Krystian\source\repos\engine\engine\dialogue\include -IC:\Users\Krystian\source\repos\engine\engine\localization\include -IC:\Users\Krystian\source\repos\engine\engine\ui\include -IC:\Users\Krystian\source\repos\engine\engine\streaming\include -IC:\Users\Krystian\source\repos\engine\engine\terrain\include -IC:\Users\Krystian\source\repos\engine\engine\vegetation\include -IC:\Users\Krystian\source\repos\engine\engine\cinematic\include -IC:\Users\Krystian\source\repos\engine\engine\spline\include -IC:\Users\Krystian\source\repos\engine\engine\plugin\include -IC:\Users\Krystian\source\repos\engine\engine\data\include -IC:\Users\Krystian\source\repos\engine\engine\settings\include -IC:\Users\Krystian\source\repos\engine\engine\achievements\include -IC:\Users\Krystian\source\repos\engine\engine\environment\include -IC:\Users\Krystian\source\repos\engine\engine\gameplay\include -IC:\Users\Krystian\source\repos\engine\engine\companion\include -external:IC:\Users\Krystian\source\repos\engine\out\build\Qt-Debug\vcpkg_installed\x64-windows\include -external:IC:\Users\Krystian\source\repos\engine\out\build\Qt-Debug\vcpkg_installed\x64-windows\include\recastnavigation -external:W0 /DWIN32 /D_WINDOWS /EHsc /Zi /Ob0 /Od /RTC1 -std:c++20 -MDd /Zc:__cplusplus /Zc:preprocessor /W4 /permissive- /utf-8 /MP /Od /Zi /showIncludes /Fosamples\rendering\pbr_lighting_sample\CMakeFiles\pbr_lighting_sample.dir\src\main.cpp.obj /Fdsamples\rendering\pbr_lighting_sample\CMakeFiles\pbr_lighting_sample.dir\ /FS -c C:\Users\Krystian\source\repos\engine\samples\rendering\pbr_lighting_sample\src\main.cpp
C:\Users\Krystian\source\repos\engine\out\build\Qt-Debug\vcpkg_installed\x64-windows\include\glm\detail/_fixes.hpp(1): fatal error C1083: Cannot open include file: 'cmath': No such file or directory
ninja: build stopped: subcommand failed.

